Microchip MPLAB XC8 Compiler V1.30 ()

Linker command line:

--edf=C:\Program Files (x86)\Microchip\xc8\v1.30\dat\en_msgs.txt -cs \
  -h+dist/default/production\essensys_ba.X.production.sym \
  --cmf=dist/default/production\essensys_ba.X.production.cmf -z -Q16F946 \
  -oC:\Users\Cedric\AppData\Local\Temp\s564.6 \
  -Mdist/default/production/essensys_ba.X.production.map -E1 -ver=XC8 \
  -ASTACK=0145h-016fh -pstack=STACK -ACONST=00h-0FFhx32 -ACODE=00h-07FFhx4 \
  -ASTRCODE=00h-01FFFh -AENTRY=00h-0FFhx32 -ASTRING=00h-0FFhx32 \
  -ACOMMON=070h-07Fh -ABANK0=020h-06Fh -ABANK1=0A0h-0EFh \
  -ABANK2=0120h-016Fh -ABANK3=01A0h-01EFh \
  -ARAM=020h-06Fh,0A0h-0EFh,0120h-016Fh,01A0h-01EFh \
  -AABS1=020h-07Fh,0A0h-0EFh,0120h-016Fh,01A0h-01EFh -ASFR0=00h-01Fh \
  -ASFR1=080h-09Fh -ASFR2=0100h-011Fh -ASFR3=0180h-019Fh \
  -preset_vec=00h,intentry=04h,init,end_init -ppowerup=CODE -pcinit=CODE \
  -pfunctab=CODE -ACONFIG=02007h-02007h -pconfig=CONFIG -DCONFIG=2 \
  -AIDLOC=02000h-02003h -pidloc=IDLOC -DIDLOC=2 -AEEDATA=00h-0FFh/02100h \
  -peeprom_data=EEDATA -DEEDATA=2 -DCODE=2 -DSTRCODE=2 -DSTRING=2 -DCONST=2 \
  -DENTRY=2 -k C:\Users\Cedric\AppData\Local\Temp\s564.obj \
  dist/default/production\essensys_ba.X.production.obj 

Object code version is 3.11

Machine type is 16F946



                Name                               Link     Load   Length Selector   Space Scale
C:\Users\Cedric\AppData\Local\Temp\s564.obj
                end_init                              E        E        3        8       0
                reset_vec                             0        0        3        0       0
                config                             2007     2007        1     400E       0
dist/default/production\essensys_ba.X.production.obj
                cinit                                11       11       30        8       0
                intentry                              4        4        A        8       0
                text42                             1002     1002        2     2004       0
                text41                              7F5      7F5        A        8       0
                text40                             101E     101E       1C     203C       0
                text39                             10E0     10E0       2E     21C0       0
                text38                              B52      B52      169     16A4       0
                text37                             1256     1256       3F     24AC       0
                text36                             12D8     12D8       45     25B0       0
                text35                             116E     116E       35     22DC       0
                text34                              93C      93C       DA     1278       0
                text33                             1403     1403       53     2806       0
                text32                             110E     110E       30     221C       0
                text31                             1362     1362       50     26C4       0
                text30                             1073     1073       1F     20E6       0
                text29                              5AE      5AE      247        8       0
                text28                             1295     1295       43     252A       0
                text27                             1616     1616       95     2C2C       0
                text26                             1FD8     1FD8       10     3FB0       0
                text25                              A16      A16      13C     142C       0
                text24                             1FE8     1FE8       18     3FD0       0
                text23                             1456     1456       54     28AC       0
                text22                             1FC8     1FC8        8     3F90       0
                text21                             1517     1517       7C     2A2E       0
                text20                             1750     1750       B0     2EA0       0
                text19                             1004     1004       1A     2008       0
                text18                             131D     131D       45     263A       0
                text17                             103A     103A       1C     2074       0
                text16                             1092     1092       27     2124       0
                text15                              E50      E50      1B0     1CA0       0
                text14                             113E     113E       30     227C       0
                text13                             11DD     11DD       3B     23BA       0
                text12                             1218     1218       3E     2430       0
                text11                              865      865       D7     10CA       0
                text10                              801      801       10     1002       0
                text9                              13B2     13B2       51     2764       0
                text8                              11A3     11A3       3A     2346       0
                text7                              1056     1056       1D     20AC       0
                text6                              16AB     16AB       A5     2D56       0
                text5                               811      811       54     1022       0
                text4                                41       41      56D        8       0
                text3                              14AA     14AA       6D     2954       0
                text2                               CBB      CBB      195     1976       0
                text1                              10B9     10B9       27     2172       0
                maintext                           1593     1593       83     2B26       0
                cstackBANK0                          50       50       1B       20       1
                cstackCOMMON                         70       70        C       70       1
                cstackBANK3                         1E9      1E9        5      1A0       1
                clrtext                            1FD0     1FD0        8     3FA0       0
                bssBANK2                            120      120       25      120       1
                bssBANK1                             A0       A0       4F       A0       1
                bssBANK3                            1A0      1A0       49      1A0       1
                dataBANK0                            6B       6B        1       20       1
                bssBANK0                             20       20       30       20       1
                bssCOMMON                            7C       7C        2       70       1
                idataBANK0                          7FF      7FF        1        8       0

TOTAL           Name                               Link     Load   Length     Space
        CLASS   STACK          

        CLASS   CONST          

        CLASS   CODE           
                end_init                              E        E        3         0
                cinit                                11       11       30         0
                intentry                              4        4        A         0
                reset_vec                             0        0        3         0
                text42                             1002     1002        2         0
                text41                              7F5      7F5        A         0
                text40                             101E     101E       1C         0
                text39                             10E0     10E0       2E         0
                text38                              B52      B52      169         0
                text37                             1256     1256       3F         0
                text36                             12D8     12D8       45         0
                text35                             116E     116E       35         0
                text34                              93C      93C       DA         0
                text33                             1403     1403       53         0
                text32                             110E     110E       30         0
                text31                             1362     1362       50         0
                text30                             1073     1073       1F         0
                text29                              5AE      5AE      247         0
                text28                             1295     1295       43         0
                text27                             1616     1616       95         0
                text26                             1FD8     1FD8       10         0
                text25                              A16      A16      13C         0
                text24                             1FE8     1FE8       18         0
                text23                             1456     1456       54         0
                text22                             1FC8     1FC8        8         0
                text21                             1517     1517       7C         0
                text20                             1750     1750       B0         0
                text19                             1004     1004       1A         0
                text18                             131D     131D       45         0
                text17                             103A     103A       1C         0
                text16                             1092     1092       27         0
                text15                              E50      E50      1B0         0
                text14                             113E     113E       30         0
                text13                             11DD     11DD       3B         0
                text12                             1218     1218       3E         0
                text11                              865      865       D7         0
                text10                              801      801       10         0
                text9                              13B2     13B2       51         0
                text8                              11A3     11A3       3A         0
                text7                              1056     1056       1D         0
                text6                              16AB     16AB       A5         0
                text5                               811      811       54         0
                text4                                41       41      56D         0
                text3                              14AA     14AA       6D         0
                text2                               CBB      CBB      195         0
                text1                              10B9     10B9       27         0
                maintext                           1593     1593       83         0
                clrtext                            1FD0     1FD0        8         0
                idataBANK0                          7FF      7FF        1         0

        CLASS   STRCODE        

        CLASS   ENTRY          

        CLASS   STRING         

        CLASS   COMMON         
                cstackCOMMON                         70       70        C         1
                bssCOMMON                            7C       7C        2         1

        CLASS   BANK0          
                cstackBANK0                          50       50       1B         1
                dataBANK0                            6B       6B        1         1
                bssBANK0                             20       20       30         1

        CLASS   BANK1          
                bssBANK1                             A0       A0       4F         1

        CLASS   BANK2          
                bssBANK2                            120      120       25         1

        CLASS   BANK3          
                cstackBANK3                         1E9      1E9        5         1
                bssBANK3                            1A0      1A0       49         1

        CLASS   RAM            

        CLASS   ABS1           
                abs_s1                               7E       7E        2         1

        CLASS   SFR0           

        CLASS   SFR1           

        CLASS   SFR2           

        CLASS   SFR3           

        CLASS   CONFIG         
                config                             2007     2007        1         0

        CLASS   IDLOC          

        CLASS   EEDATA         



SEGMENTS        Name                           Load    Length   Top    Selector   Space  Class     Delta

                reset_vec                      000000  000003  000003         0       0  CODE        2
                intentry                       000004  0007FC  000800         8       0  CODE        2
                bssBANK0                       000020  00004C  00006C        20       1  BANK0       1
                cstackCOMMON                   000070  00000E  00007E        70       1  COMMON      1
                bssBANK1                       0000A0  00004F  0000EF        A0       1  BANK1       1
                bssBANK2                       000120  000025  000145       120       1  BANK2       1
                bssBANK3                       0001A0  00004E  0001EE       1A0       1  BANK3       1
                text10                         000801  000010  000811      1002       0  CODE        2
                text5                          000811  000054  000865      1022       0  CODE        2
                text11                         000865  0000D7  00093C      10CA       0  CODE        2
                text34                         00093C  0000DA  000A16      1278       0  CODE        2
                text25                         000A16  00013C  000B52      142C       0  CODE        2
                text38                         000B52  000169  000CBB      16A4       0  CODE        2
                text2                          000CBB  000195  000E50      1976       0  CODE        2
                text15                         000E50  0001B0  001000      1CA0       0  CODE        2
                text42                         001002  000002  001004      2004       0  CODE        2
                text19                         001004  00001A  00101E      2008       0  CODE        2
                text40                         00101E  00001C  00103A      203C       0  CODE        2
                text17                         00103A  00001C  001056      2074       0  CODE        2
                text7                          001056  00001D  001073      20AC       0  CODE        2
                text30                         001073  00001F  001092      20E6       0  CODE        2
                text16                         001092  000027  0010B9      2124       0  CODE        2
                text1                          0010B9  000027  0010E0      2172       0  CODE        2
                text39                         0010E0  00002E  00110E      21C0       0  CODE        2
                text32                         00110E  000030  00113E      221C       0  CODE        2
                text14                         00113E  000030  00116E      227C       0  CODE        2
                text35                         00116E  000035  0011A3      22DC       0  CODE        2
                text8                          0011A3  00003A  0011DD      2346       0  CODE        2
                text13                         0011DD  00003B  001218      23BA       0  CODE        2
                text12                         001218  00003E  001256      2430       0  CODE        2
                text37                         001256  00003F  001295      24AC       0  CODE        2
                text28                         001295  000043  0012D8      252A       0  CODE        2
                text36                         0012D8  000045  00131D      25B0       0  CODE        2
                text18                         00131D  000045  001362      263A       0  CODE        2
                text31                         001362  000050  0013B2      26C4       0  CODE        2
                text9                          0013B2  000051  001403      2764       0  CODE        2
                text33                         001403  000053  001456      2806       0  CODE        2
                text23                         001456  000054  0014AA      28AC       0  CODE        2
                text3                          0014AA  00006D  001517      2954       0  CODE        2
                text21                         001517  00007C  001593      2A2E       0  CODE        2
                maintext                       001593  000083  001616      2B26       0  CODE        2
                text27                         001616  000095  0016AB      2C2C       0  CODE        2
                text6                          0016AB  0000A5  001750      2D56       0  CODE        2
                text20                         001750  0000B0  001800      2EA0       0  CODE        2
                text22                         001FC8  000008  001FD0      3F90       0  CODE        2
                clrtext                        001FD0  000008  001FD8      3FA0       0  CODE        2
                text26                         001FD8  000010  001FE8      3FB0       0  CODE        2
                text24                         001FE8  000018  002000      3FD0       0  CODE        2
                config                         002007  000001  002008      400E       0  CONFIG      2


UNUSED ADDRESS RANGES

        Name                Unused          Largest block    Delta
        BANK0            006C-006F              4           1
        BANK1            00EF-00EF              1           1
        BANK2            0145-016F             2B           1
        BANK3            01EE-01EF              2           1
        CODE             0003-0003              1           2
                         0800-0800              1
                         1000-1001              2
                         1800-1FC7            7C8
        CONST            0003-0003              1           2
                         0800-0800              1
                         1000-1001              2
                         1800-1FC7            100
        EEDATA           2100-21FF            100           2
        ENTRY            0003-0003              1           2
                         0800-0800              1
                         1000-1001              2
                         1800-1FC7            100
        IDLOC            2000-2003              4           2
        RAM              006C-006F              4           1
                         00EF-00EF              1
                         0145-016F             2B
                         01EE-01EF              2
        SFR0             0000-001F             20           1
        SFR1             0080-009F             20           1
        SFR2             0100-011F             20           1
        SFR3             0180-019F             20           1
        STACK            0145-016F             2B           1
        STRCODE          0003-0003              1           2
                         0800-0800              1
                         1000-1001              2
                         1800-1FC7            7C8
        STRING           0003-0003              1           2
                         0800-0800              1
                         1000-1001              2
                         1800-1FC7            100

                                  Symbol Table

?___lldiv                                               cstackBANK0  0054
?___lmul                                                cstackBANK0  0054
?___wmul                                                cstackBANK0  0054
?_us_CalculerCRCSurTrame                                cstackCOMMON 0073
?_us_CalculerCRCSurUnOctet                              cstackCOMMON 0070
?_us_CodeVariateur                                      cstackBANK0  0054
IT@s_uc_TempoStart                                      bssBANK0     002E
SSP_Handler@i                                           cstackBANK0  0052
SSP_Handler@j                                           cstackBANK0  0053
SSP_Handler@l_us_CRCRecu                                cstackBANK0  0050
WriteI2C@data                                           cstackCOMMON 0070
_ANSEL                                                  (abs)        0091
_CARRY                                                  (abs)        0018
_CCP2CON                                                (abs)        001D
_CCPR2L                                                 (abs)        001B
_CKP                                                    (abs)        00A4
_CmdBuf                                                 bssBANK3     01BA
_EEADR                                                  (abs)        010D
_EECON1                                                 (abs)        018C
_EECON2                                                 (abs)        018D
_EEDATA                                                 (abs)        010C
_GIE                                                    (abs)        005F
_I2CStat                                                bssCOMMON    007C
_IT                                                     text35       116E
_LCDCON                                                 (abs)        0107
_LVDCON                                                 (abs)        0109
_OPTION_REG                                             (abs)        0081
_OSCCON                                                 (abs)        008F
_PEIE                                                   (abs)        005E
_PORTA                                                  (abs)        0005
_PORTB                                                  (abs)        0006
_PORTC                                                  (abs)        0007
_PORTD                                                  (abs)        0008
_PORTE                                                  (abs)        0009
_PORTF                                                  (abs)        0188
_PORTG                                                  (abs)        0189
_PR2                                                    (abs)        0092
_RD                                                     (abs)        0C60
_RXBuffer                                               bssBANK2     012C
_RXBufferIndex                                          bssCOMMON    007D
_RXByteCount                                            bssBANK0     002F
_ReadI2C                                                text42       1002
_SSPADD                                                 (abs)        0093
_SSPBUF                                                 (abs)        0013
_SSPCON                                                 (abs)        0014
_SSPIE                                                  (abs)        0463
_SSPIF                                                  (abs)        0063
_SSPOV                                                  (abs)        00A6
_SSPSTAT                                                (abs)        0094
_SSP_Handler                                            text38       0B52
_SensBufIndex                                           bssBANK0     0030
_T0IE                                                   (abs)        005D
_T0IF                                                   (abs)        005A
_T2CON                                                  (abs)        0012
_TMR0                                                   (abs)        0001
_TMR2IE                                                 (abs)        0461
_TMR2IF                                                 (abs)        0061
_TRISA                                                  (abs)        0085
_TRISB                                                  (abs)        0086
_TRISC                                                  (abs)        0087
_TRISD                                                  (abs)        0088
_TRISE                                                  (abs)        0089
_TRISF                                                  (abs)        0185
_TRISG                                                  (abs)        0187
_TxBuf                                                  bssBANK0     004C
_WCOL                                                   (abs)        00A7
_WR                                                     (abs)        0C61
_WREN                                                   (abs)        0C62
_WriteI2C                                               text41       07F5
__CFG_FOSC$HS                                           (abs)        0000
__CFG_WDTE$OFF                                          (abs)        0000
__Habs1                                                 abs1         0000
__Hbank0                                                bank0        0000
__Hbank1                                                bank1        0000
__Hbank2                                                bank2        0000
__Hbank3                                                bank3        0000
__HbssBANK0                                             bssBANK0     0000
__HbssBANK1                                             bssBANK1     0000
__HbssBANK2                                             bssBANK2     0000
__HbssBANK3                                             bssBANK3     0000
__HbssCOMMON                                            bssCOMMON    0000
__Hcinit                                                cinit        0041
__Hclrtext                                              clrtext      0000
__Hcode                                                 code         0000
__Hcommon                                               common       0000
__Hconfig                                               config       2008
__HcstackBANK0                                          cstackBANK0  0000
__HcstackBANK3                                          cstackBANK3  0000
__HcstackCOMMON                                         cstackCOMMON 0000
__HdataBANK0                                            dataBANK0    0000
__Heeprom_data                                          eeprom_data  0000
__Hend_init                                             end_init     0011
__Hfunctab                                              functab      0000
__HidataBANK0                                           idataBANK0   0000
__Hidloc                                                idloc        0000
__Hinit                                                 init         000E
__Hintentry                                             intentry     000E
__Hmaintext                                             maintext     0000
__Hpowerup                                              powerup      0000
__Hram                                                  ram          0000
__Hreset_vec                                            reset_vec    0003
__Hsfr0                                                 sfr0         0000
__Hsfr1                                                 sfr1         0000
__Hsfr2                                                 sfr2         0000
__Hsfr3                                                 sfr3         0000
__Hstack                                                stack        0000
__Hstrings                                              strings      0000
__Htext                                                 text         0000
__Labs1                                                 abs1         0000
__Lbank0                                                bank0        0000
__Lbank1                                                bank1        0000
__Lbank2                                                bank2        0000
__Lbank3                                                bank3        0000
__LbssBANK0                                             bssBANK0     0000
__LbssBANK1                                             bssBANK1     0000
__LbssBANK2                                             bssBANK2     0000
__LbssBANK3                                             bssBANK3     0000
__LbssCOMMON                                            bssCOMMON    0000
__Lcinit                                                cinit        0011
__Lclrtext                                              clrtext      0000
__Lcode                                                 code         0000
__Lcommon                                               common       0000
__Lconfig                                               config       2007
__LcstackBANK0                                          cstackBANK0  0000
__LcstackBANK3                                          cstackBANK3  0000
__LcstackCOMMON                                         cstackCOMMON 0000
__LdataBANK0                                            dataBANK0    0000
__Leeprom_data                                          eeprom_data  0000
__Lend_init                                             end_init     000E
__Lfunctab                                              functab      0000
__LidataBANK0                                           idataBANK0   0000
__Lidloc                                                idloc        0000
__Linit                                                 init         000E
__Lintentry                                             intentry     0004
__Lmaintext                                             maintext     0000
__Lpowerup                                              powerup      0000
__Lram                                                  ram          0000
__Lreset_vec                                            reset_vec    0000
__Lsfr0                                                 sfr0         0000
__Lsfr1                                                 sfr1         0000
__Lsfr2                                                 sfr2         0000
__Lsfr3                                                 sfr3         0000
__Lstack                                                stack        0000
__Lstrings                                              strings      0000
__Ltext                                                 text         0000
__S0                                                    (abs)        2008
__S1                                                    (abs)        01EE
__S2                                                    (abs)        0000
__S3                                                    (abs)        0000
___int_sp                                               stack        0000
___latbits                                              (abs)        0002
___lldiv                                                text9        13B2
___lldiv@counter                                        cstackBANK0  0060
___lldiv@dividend                                       cstackBANK0  0058
___lldiv@divisor                                        cstackBANK0  0054
___lldiv@quotient                                       cstackBANK0  005C
___lmul                                                 text8        11A3
___lmul@multiplicand                                    cstackBANK0  0058
___lmul@multiplier                                      cstackBANK0  0054
___lmul@product                                         cstackBANK0  005C
___sp                                                   stack        0000
___wmul                                                 text7        1056
___wmul@multiplicand                                    cstackBANK0  0056
___wmul@multiplier                                      cstackBANK0  0054
___wmul@product                                         cstackBANK0  0058
__end_of_IT                                             text35       11A3
__end_of_ReadI2C                                        text42       1004
__end_of_SSP_Handler                                    text38       0CBB
__end_of_WriteI2C                                       text41       07FF
__end_of___lldiv                                        text9        1403
__end_of___lmul                                         text8        11DD
__end_of___wmul                                         text7        1073
__end_of__initialization                                cinit        003D
__end_of_eeprom_read                                    text17       1056
__end_of_eeprom_write                                   text16       10B9
__end_of_main                                           maintext     1616
__end_of_uc_EntreeTOREntreeCarte                        text32       113E
__end_of_uc_EntreeVariateurEntreeCarte                  text30       1092
__end_of_uc_EntreeVoletEntreeCarte                      text28       12D8
__end_of_uc_EtatEntree                                  text34       0A16
__end_of_uc_EteintLampe                                 text6        1750
__end_of_uc_StopVolet                                   text5        0865
__end_of_us_CalculerCRCSurTrame                         text39       110E
__end_of_us_CalculerCRCSurUnOctet                       text40       103A
__end_of_us_CodeVariateur                               text19       101E
__end_of_vd_AcquisitionEntrees                          text33       1456
__end_of_vd_AnalyserEntrees                             text26       1FE8
__end_of_vd_AnalyserEntreesTOR                          text31       13B2
__end_of_vd_AnalyserEntreesVariateurs                   text29       07F5
__end_of_vd_AnalyserEntreesVolets                       text27       16AB
__end_of_vd_ArretPilotageRelaisBist                     text24       2000
__end_of_vd_ConfigBornier                               text23       14AA
__end_of_vd_I2C_Setup                                   text22       1FD0
__end_of_vd_InitMicro                                   text21       1593
__end_of_vd_InitVariables                               text20       1800
__end_of_vd_InitVariables2                              text18       1362
__end_of_vd_Lit_Config                                  text15       1000
__end_of_vd_PilotageVariateurs                          text36       131D
__end_of_vd_PiloteSortieVariateur                       text37       1295
__end_of_vd_PiloterLed                                  text14       116E
__end_of_vd_PiloterRelais                               text13       1218
__end_of_vd_PiloterRelaisBistable                       text12       1256
__end_of_vd_PiloterRelaisBistables                      text11       093C
__end_of_vd_PiloterSortie                               text25       0B52
__end_of_vd_PiloterSorties                              text10       0811
__end_of_vd_Sauve_Etat                                  text3        1517
__end_of_vd_TraitementApplicatif                        text4        05AE
__end_of_vd_Traitement_I2C                              text2        0E50
__end_of_vd_Verif_Version                               text1        10E0
__initialization                                        cinit        0011
__pbssBANK0                                             bssBANK0     0020
__pbssBANK1                                             bssBANK1     00A0
__pbssBANK2                                             bssBANK2     0120
__pbssBANK3                                             bssBANK3     01A0
__pbssCOMMON                                            bssCOMMON    007C
__pcstackBANK0                                          cstackBANK0  0050
__pcstackBANK3                                          cstackBANK3  01E9
__pcstackCOMMON                                         cstackCOMMON 0070
__pdataBANK0                                            dataBANK0    006B
__pidataBANK0                                           idataBANK0   07FF
__pintentry                                             intentry     0004
__pmaintext                                             maintext     1593
__ptext1                                                text1        10B9
__ptext10                                               text10       0801
__ptext11                                               text11       0865
__ptext12                                               text12       1218
__ptext13                                               text13       11DD
__ptext14                                               text14       113E
__ptext15                                               text15       0E50
__ptext16                                               text16       1092
__ptext17                                               text17       103A
__ptext18                                               text18       131D
__ptext19                                               text19       1004
__ptext2                                                text2        0CBB
__ptext20                                               text20       1750
__ptext21                                               text21       1517
__ptext22                                               text22       1FC8
__ptext23                                               text23       1456
__ptext24                                               text24       1FE8
__ptext25                                               text25       0A16
__ptext26                                               text26       1FD8
__ptext27                                               text27       1616
__ptext28                                               text28       1295
__ptext29                                               text29       05AE
__ptext3                                                text3        14AA
__ptext30                                               text30       1073
__ptext31                                               text31       1362
__ptext32                                               text32       110E
__ptext33                                               text33       1403
__ptext34                                               text34       093C
__ptext35                                               text35       116E
__ptext36                                               text36       12D8
__ptext37                                               text37       1256
__ptext38                                               text38       0B52
__ptext39                                               text39       10E0
__ptext4                                                text4        0041
__ptext40                                               text40       101E
__ptext41                                               text41       07F5
__ptext42                                               text42       1002
__ptext5                                                text5        0811
__ptext6                                                text6        16AB
__ptext7                                                text7        1056
__ptext8                                                text8        11A3
__ptext9                                                text9        13B2
__size_of_IT                                            (abs)        0000
__size_of_ReadI2C                                       (abs)        0000
__size_of_SSP_Handler                                   (abs)        0000
__size_of_WriteI2C                                      (abs)        0000
__size_of___lldiv                                       (abs)        0000
__size_of___lmul                                        (abs)        0000
__size_of___wmul                                        (abs)        0000
__size_of_eeprom_read                                   (abs)        0000
__size_of_eeprom_write                                  (abs)        0000
__size_of_main                                          (abs)        0000
__size_of_uc_EntreeTOREntreeCarte                       (abs)        0000
__size_of_uc_EntreeVariateurEntreeCarte                 (abs)        0000
__size_of_uc_EntreeVoletEntreeCarte                     (abs)        0000
__size_of_uc_EtatEntree                                 (abs)        0000
__size_of_uc_EteintLampe                                (abs)        0000
__size_of_uc_StopVolet                                  (abs)        0000
__size_of_us_CalculerCRCSurTrame                        (abs)        0000
__size_of_us_CalculerCRCSurUnOctet                      (abs)        0000
__size_of_us_CodeVariateur                              (abs)        0000
__size_of_vd_AcquisitionEntrees                         (abs)        0000
__size_of_vd_AnalyserEntrees                            (abs)        0000
__size_of_vd_AnalyserEntreesTOR                         (abs)        0000
__size_of_vd_AnalyserEntreesVariateurs                  (abs)        0000
__size_of_vd_AnalyserEntreesVolets                      (abs)        0000
__size_of_vd_ArretPilotageRelaisBist                    (abs)        0000
__size_of_vd_ConfigBornier                              (abs)        0000
__size_of_vd_I2C_Setup                                  (abs)        0000
__size_of_vd_InitMicro                                  (abs)        0000
__size_of_vd_InitVariables                              (abs)        0000
__size_of_vd_InitVariables2                             (abs)        0000
__size_of_vd_Lit_Config                                 (abs)        0000
__size_of_vd_PilotageVariateurs                         (abs)        0000
__size_of_vd_PiloteSortieVariateur                      (abs)        0000
__size_of_vd_PiloterLed                                 (abs)        0000
__size_of_vd_PiloterRelais                              (abs)        0000
__size_of_vd_PiloterRelaisBistable                      (abs)        0000
__size_of_vd_PiloterRelaisBistables                     (abs)        0000
__size_of_vd_PiloterSortie                              (abs)        0000
__size_of_vd_PiloterSorties                             (abs)        0000
__size_of_vd_Sauve_Etat                                 (abs)        0000
__size_of_vd_TraitementApplicatif                       (abs)        0000
__size_of_vd_Traitement_I2C                             (abs)        0000
__size_of_vd_Verif_Version                              (abs)        0000
_b1_BT_1S                                               bssBANK0     0031
_eeprom_read                                            text17       103A
_eeprom_write                                           text16       1092
_l_uc_Compteur                                          bssBANK0     0032
_l_uc_Compteur2                                         bssBANK0     0033
_l_us_CRC                                               bssBANK0     0026
_main                                                   maintext     1593
_s_uc_PortA                                             bssBANK0     0034
_s_uc_PortB                                             bssBANK0     0035
_s_uc_PortC                                             bssBANK0     0036
_s_uc_PortD                                             bssBANK0     0037
_s_uc_PortE                                             bssBANK0     0038
_s_uc_PortF                                             bssBANK0     0039
_st_Commandes                                           bssBANK0     003A
_st_Entrees                                             bssBANK3     01D3
_st_EntreesVariateur                                    bssBANK1     00A0
_st_EntreesVoletRoulant                                 bssBANK1     00BD
_st_SortiesRelaisBistables                              bssBANK1     00C9
_st_Variateurs                                          bssBANK1     00D5
_uc_CdeRelaisBistables                                  bssBANK2     0120
_uc_CompteurAcq                                         bssBANK0     003B
_uc_CompteurBase1S                                      bssBANK0     003C
_uc_CompteurBiStable                                    bssBANK0     003D
_uc_CompteurCycle                                       bssBANK0     003E
_uc_CompteurLED                                         bssBANK0     003F
_uc_ENTREE_TOR_NB                                       bssBANK0     0040
_uc_ENTREE_VARIATEUR_NB                                 bssBANK0     0041
_uc_ENTREE_VOLET_NB                                     bssBANK0     0042
_uc_EntreeTOREntreeCarte                                text32       110E
_uc_EntreeVariateurEntreeCarte                          text30       1073
_uc_EntreeVoletEntreeCarte                              text28       1295
_uc_EtatEntree                                          text34       093C
_uc_EteintLampe                                         text6        16AB
_uc_I2C_activity                                        bssBANK0     0043
_uc_NB_ES                                               bssBANK0     0044
_uc_RB_NB                                               bssBANK0     0045
_uc_RM_NB                                               bssBANK0     0046
_uc_StopVolet                                           text5        0811
_uc_TempsCdeLampe                                       bssBANK1     00B0
_uc_TempsCdeVolet                                       bssBANK0     0020
_uc_VARIATEUR_NB                                        bssBANK0     0047
_uc_VOLET_NB                                            bssBANK0     0048
_uc_compteur_ecriture_eeprom                            bssBANK0     0049
_uc_compteur_lecture_eeprom                             bssBANK0     004A
_us_CRC                                                 bssBANK0     0028
_us_CalculerCRCSurTrame                                 text39       10E0
_us_CalculerCRCSurUnOctet                               text40       101E
_us_CdeVariateurs                                       bssBANK1     00E1
_us_CodeVariateur                                       text19       1004
_us_EntreesTOR                                          bssBANK0     002A
_us_SortiesRelais                                       bssBANK0     002C
_vd_AcquisitionEntrees                                  text33       1403
_vd_AnalyserEntrees                                     text26       1FD8
_vd_AnalyserEntreesTOR                                  text31       1362
_vd_AnalyserEntreesVariateurs                           text29       05AE
_vd_AnalyserEntreesVolets                               text27       1616
_vd_ArretPilotageRelaisBist                             text24       1FE8
_vd_ConfigBornier                                       text23       1456
_vd_I2C_Setup                                           text22       1FC8
_vd_InitMicro                                           text21       1517
_vd_InitVariables                                       text20       1750
_vd_InitVariables2                                      text18       131D
_vd_Lit_Config                                          text15       0E50
_vd_PilotageVariateurs                                  text36       12D8
_vd_PiloteSortieVariateur                               text37       1256
_vd_PiloterLed                                          text14       113E
_vd_PiloterRelais                                       text13       11DD
_vd_PiloterRelaisBistable                               text12       1218
_vd_PiloterRelaisBistables                              text11       0865
_vd_PiloterSortie                                       text25       0A16
_vd_PiloterSorties                                      text10       0801
_vd_Sauve_Etat                                          text3        14AA
_vd_TraitementApplicatif                                text4        0041
_vd_Traitement_I2C                                      text2        0CBB
_vd_Verif_Version                                       text1        10B9
btemp                                                   (abs)        007E
clear_ram0                                              clrtext      1FD0
eeprom_read@addr                                        cstackBANK0  0054
eeprom_write@addr                                       cstackBANK0  0055
eeprom_write@value                                      cstackBANK0  0054
end_of_initialization                                   cinit        003D
interrupt_function                                      intentry     0004
intlevel0                                               functab      0000
intlevel1                                               functab      0000
intlevel2                                               functab      0000
intlevel3                                               functab      0000
intlevel4                                               functab      0000
intlevel5                                               functab      0000
ltemp                                                   (abs)        007E
ltemp0                                                  (abs)        007E
ltemp1                                                  (abs)        0082
ltemp2                                                  (abs)        0086
ltemp3                                                  (abs)        0080
reset_vec                                               reset_vec    0000
saved_w                                                 (abs)        007E
stackhi                                                 (abs)        0000
stacklo                                                 (abs)        0000
start                                                   init         000E
start_initialization                                    cinit        0011
ttemp                                                   (abs)        007E
ttemp0                                                  (abs)        007E
ttemp1                                                  (abs)        0081
ttemp2                                                  (abs)        0084
ttemp3                                                  (abs)        0087
ttemp4                                                  (abs)        007F
uc_EntreeTOREntreeCarte@l_uc_Compteur                   cstackBANK0  0055
uc_EntreeTOREntreeCarte@uc_NumeroEntreeTOR              cstackBANK0  0054
uc_EntreeVariateurEntreeCarte@l_uc_Compteur             cstackBANK0  0055
uc_EntreeVariateurEntreeCarte@uc_NumeroEntreeVariateur  cstackBANK0  0054
uc_EntreeVoletEntreeCarte@l_uc_Compteur                 cstackBANK0  0055
uc_EntreeVoletEntreeCarte@uc_NumeroEntreeVolet          cstackBANK0  0054
uc_EtatEntree@l_uc_EtatEntree                           cstackBANK0  0055
uc_EtatEntree@uc_NumeroEntree                           cstackBANK0  0054
uc_EteintLampe@l_stop                                   cstackBANK0  0063
uc_EteintLampe@l_ul_Valeur                              cstackBANK0  0064
uc_EteintLampe@s_us_CompteurLampe                       bssBANK3     01A0
uc_EteintLampe@uc_Num_Lampe                             cstackBANK0  0068
uc_EteintLampe@us_Etat_Lampe                            cstackBANK0  0061
uc_StopVolet@l_stop                                     cstackBANK0  0056
uc_StopVolet@mode                                       cstackBANK0  0054
uc_StopVolet@s_uc_CompteurVolet                         bssBANK1     00E9
uc_StopVolet@uc_NumVolet                                cstackBANK0  0057
us_CalculerCRCSurTrame@uc_Buffer                        cstackCOMMON 0073
us_CalculerCRCSurTrame@uc_NbOctets                      cstackCOMMON 0075
us_CalculerCRCSurUnOctet@l_uc_Octet                     cstackCOMMON 0072
us_CalculerCRCSurUnOctet@l_us_CRC                       cstackCOMMON 0070
us_CodeVariateur@c_valeur                               cstackBANK0  0057
us_CodeVariateur@l_us_valeur                            cstackBANK0  0058
vd_AcquisitionEntrees@l_uc_Compteur                     cstackBANK0  0058
vd_AcquisitionEntrees@l_uc_EtatEntree                   cstackBANK0  0057
vd_AnalyserEntreesTOR@l_uc_Compteur                     cstackBANK0  005B
vd_AnalyserEntreesTOR@l_uc_EntreeTOR                    cstackBANK0  005C
vd_AnalyserEntreesTOR@l_us_Masque                       cstackBANK0  0059
vd_AnalyserEntreesVariateurs@l_uc_Compteur              cstackBANK0  005A
vd_AnalyserEntreesVariateurs@l_uc_EntreeVariateur       cstackBANK0  0059
vd_AnalyserEntreesVolets@l_uc_Compteur                  cstackBANK0  005A
vd_AnalyserEntreesVolets@l_uc_EntreeVoletRoulant        cstackBANK0  0059
vd_ArretPilotageRelaisBist@l_uc_Compteur                cstackBANK0  0057
vd_InitVariables2@l_uc_Compteur                         cstackBANK0  005B
vd_InitVariables@l_uc_Compteur                          cstackBANK0  0055
vd_Lit_Config@address                                   cstackBANK0  005B
vd_Lit_Config@l_uc_Compteur                             cstackBANK0  005A
vd_Lit_Config@l_us_Test                                 cstackBANK0  0058
vd_PilotageVariateurs@s_uc_NumVar                       bssBANK0     004B
vd_PiloteSortieVariateur@uc_Etat                        cstackCOMMON 0070
vd_PiloteSortieVariateur@uc_NumeroSortie                cstackCOMMON 0071
vd_PiloterRelais@l_uc_Compteur                          cstackBANK0  005B
vd_PiloterRelais@l_us_Masque                            cstackBANK0  0059
vd_PiloterRelaisBistable@uc_NumeroRelaisBistable        cstackBANK0  0057
vd_PiloterRelaisBistables@l_uc_Compteur                 cstackBANK0  0059
vd_PiloterRelaisBistables@s_uc_CompteurCommandeMaintenu dataBANK0    006B
vd_PiloterSortie@uc_Etat                                cstackBANK0  0055
vd_PiloterSortie@uc_NumeroSortie                        cstackBANK0  0054
vd_PiloterSortie@uc_TypeSortie                          cstackBANK0  0056
vd_Sauve_Etat@address                                   cstackBANK0  0058
vd_Sauve_Etat@data                                      cstackBANK0  0056
vd_Sauve_Etat@l_uc_Compteur                             cstackBANK0  0057
vd_TraitementApplicatif@l_uc_Compteur                   cstackBANK3  01ED
vd_TraitementApplicatif@l_uc_RelaisSens1                cstackBANK3  01EC
vd_TraitementApplicatif@l_uc_RelaisSens2                cstackBANK3  01EB
vd_TraitementApplicatif@l_us_Masque                     cstackBANK3  01E9
vd_Traitement_I2C@l_uc_Compteur                         cstackBANK0  005F
vd_Traitement_I2C@l_uc_RelaisSens1                      cstackBANK0  005D
vd_Traitement_I2C@l_uc_RelaisSens2                      cstackBANK0  005C
vd_Traitement_I2C@l_uc_masque                           cstackBANK0  005E
vd_Verif_Version@address                                cstackBANK0  0057
vd_Verif_Version@l_uc_Data                              cstackBANK0  0056
wtemp                                                   (abs)        007E
wtemp0                                                  (abs)        007E
wtemp1                                                  (abs)        0080
wtemp2                                                  (abs)        0082
wtemp3                                                  (abs)        0084
wtemp4                                                  (abs)        0086
wtemp5                                                  (abs)        0088
wtemp6                                                  (abs)        007F


FUNCTION INFORMATION:

 *************** function _main *****************
 Defined at:
		line 291 in file "../source/main.c"
 Parameters:    Size  Location     Type
		None
 Auto vars:     Size  Location     Type
		None
 Return value:  Size  Location     Type
		None               void
 Registers used:
		wreg, fsr0l, fsr0h, fsr1l, fsr1h, fsr1l, fsr1h, status,2, status,0, btemp+1, pclath, cstack
 Tracked objects:
		On entry : 
		On exit  : 
		Unchanged: 
 Data sizes:     COMMON   BANK0   BANK3   BANK1   BANK2
      Params:         0       0       0       0       0
      Locals:         0       0       0       0       0
      Temps:          0       0       0       0       0
      Totals:         0       0       0       0       0
Total ram usage:        0 bytes
 Hardware stack levels required when called:    8
 This function calls:
		_vd_AcquisitionEntrees
		_vd_AnalyserEntrees
		_vd_ArretPilotageRelaisBist
		_vd_ConfigBornier
		_vd_I2C_Setup
		_vd_InitMicro
		_vd_InitVariables
		_vd_InitVariables2
		_vd_Lit_Config
		_vd_PiloterSorties
		_vd_TraitementApplicatif
		_vd_Traitement_I2C
		_vd_Verif_Version
 This function is called by:
		Startup code after reset
 This function uses a non-reentrant model


 *************** function _vd_Verif_Version *****************
 Defined at:
		line 52 in file "../source/main.c"
 Parameters:    Size  Location     Type
		None
 Auto vars:     Size  Location     Type
  address         2    7[BANK0 ] unsigned int 
  l_uc_Data       1    6[BANK0 ] unsigned char 
 Return value:  Size  Location     Type
		None               void
 Registers used:
		wreg, status,2, status,0, pclath, cstack
 Tracked objects:
		On entry : 
		On exit  : 
		Unchanged: 
 Data sizes:     COMMON   BANK0   BANK3   BANK1   BANK2
      Params:         0       0       0       0       0
      Locals:         0       3       0       0       0
      Temps:          0       0       0       0       0
      Totals:         0       3       0       0       0
Total ram usage:        3 bytes
 Hardware stack levels used:    1
 Hardware stack levels required when called:    5
 This function calls:
		_eeprom_read
		_eeprom_write
 This function is called by:
		_main
 This function uses a non-reentrant model


 *************** function _vd_Traitement_I2C *****************
 Defined at:
		line 429 in file "../source/slavenode.c"
 Parameters:    Size  Location     Type
		None
 Auto vars:     Size  Location     Type
  l_uc_Compteu    1   15[BANK0 ] unsigned char 
  l_uc_masque     1   14[BANK0 ] unsigned char 
  l_uc_RelaisS    1   13[BANK0 ] unsigned char 
  l_uc_RelaisS    1   12[BANK0 ] unsigned char 
 Return value:  Size  Location     Type
		None               void
 Registers used:
		wreg, fsr0l, fsr0h, status,2, status,0, pclath, cstack
 Tracked objects:
		On entry : 
		On exit  : 
		Unchanged: 
 Data sizes:     COMMON   BANK0   BANK3   BANK1   BANK2
      Params:         0       0       0       0       0
      Locals:         0       4       0       0       0
      Temps:          0       2       0       0       0
      Totals:         0       6       0       0       0
Total ram usage:        6 bytes
 Hardware stack levels used:    1
 Hardware stack levels required when called:    6
 This function calls:
		_eeprom_write
		_vd_Sauve_Etat
 This function is called by:
		_main
 This function uses a non-reentrant model


 *************** function _vd_Sauve_Etat *****************
 Defined at:
		line 180 in file "../source/main.c"
 Parameters:    Size  Location     Type
		None
 Auto vars:     Size  Location     Type
  address         2    8[BANK0 ] unsigned int 
  l_uc_Compteu    1    7[BANK0 ] unsigned char 
  data            1    6[BANK0 ] unsigned char 
 Return value:  Size  Location     Type
		None               void
 Registers used:
		wreg, fsr0l, fsr0h, status,2, status,0, pclath, cstack
 Tracked objects:
		On entry : 
		On exit  : 
		Unchanged: 
 Data sizes:     COMMON   BANK0   BANK3   BANK1   BANK2
      Params:         0       0       0       0       0
      Locals:         0       4       0       0       0
      Temps:          0       0       0       0       0
      Totals:         0       4       0       0       0
Total ram usage:        4 bytes
 Hardware stack levels used:    1
 Hardware stack levels required when called:    5
 This function calls:
		_eeprom_read
		_eeprom_write
 This function is called by:
		_vd_Traitement_I2C
 This function uses a non-reentrant model


 *************** function _vd_TraitementApplicatif *****************
 Defined at:
		line 246 in file "../source/traitement.c"
 Parameters:    Size  Location     Type
		None
 Auto vars:     Size  Location     Type
  l_us_Masque     2    0[BANK3 ] unsigned short 
  l_uc_Compteu    1    4[BANK3 ] unsigned char 
  l_uc_RelaisS    1    3[BANK3 ] unsigned char 
  l_uc_RelaisS    1    2[BANK3 ] unsigned char 
 Return value:  Size  Location     Type
		None               void
 Registers used:
		wreg, fsr0l, fsr0h, status,2, status,0, pclath, cstack
 Tracked objects:
		On entry : 
		On exit  : 
		Unchanged: 
 Data sizes:     COMMON   BANK0   BANK3   BANK1   BANK2
      Params:         0       0       0       0       0
      Locals:         0       0       5       0       0
      Temps:          0       2       0       0       0
      Totals:         0       2       5       0       0
Total ram usage:        7 bytes
 Hardware stack levels used:    1
 Hardware stack levels required when called:    6
 This function calls:
		_uc_EteintLampe
		_uc_StopVolet
		_us_CodeVariateur
 This function is called by:
		_main
 This function uses a non-reentrant model


 *************** function _uc_StopVolet *****************
 Defined at:
		line 197 in file "../source/traitement.c"
 Parameters:    Size  Location     Type
  uc_NumVolet     1    wreg     unsigned char 
  mode            1    4[BANK0 ] enum E121
 Auto vars:     Size  Location     Type
  uc_NumVolet     1    7[BANK0 ] unsigned char 
  l_stop          1    6[BANK0 ] unsigned char 
 Return value:  Size  Location     Type
                  1    wreg      unsigned char 
 Registers used:
		wreg, fsr0l, fsr0h, status,2, status,0
 Tracked objects:
		On entry : 
		On exit  : 
		Unchanged: 
 Data sizes:     COMMON   BANK0   BANK3   BANK1   BANK2
      Params:         0       1       0       0       0
      Locals:         0       2       0       0       0
      Temps:          0       1       0       0       0
      Totals:         0       4       0       0       0
Total ram usage:        4 bytes
 Hardware stack levels used:    1
 Hardware stack levels required when called:    4
 This function calls:
		Nothing
 This function is called by:
		_vd_TraitementApplicatif
 This function uses a non-reentrant model


 *************** function _uc_EteintLampe *****************
 Defined at:
		line 134 in file "../source/traitement.c"
 Parameters:    Size  Location     Type
  uc_Num_Lampe    1    wreg     unsigned char 
  us_Etat_Lamp    2   17[BANK0 ] unsigned short 
 Auto vars:     Size  Location     Type
  uc_Num_Lampe    1   24[BANK0 ] unsigned char 
  l_ul_Valeur     4   20[BANK0 ] unsigned long 
  l_stop          1   19[BANK0 ] unsigned char 
 Return value:  Size  Location     Type
                  1    wreg      unsigned char 
 Registers used:
		wreg, fsr0l, fsr0h, status,2, status,0, pclath, cstack
 Tracked objects:
		On entry : 
		On exit  : 
		Unchanged: 
 Data sizes:     COMMON   BANK0   BANK3   BANK1   BANK2
      Params:         0       2       0       0       0
      Locals:         0       6       0       0       0
      Temps:          0       0       0       0       0
      Totals:         0       8       0       0       0
Total ram usage:        8 bytes
 Hardware stack levels used:    1
 Hardware stack levels required when called:    5
 This function calls:
		___lldiv
		___lmul
		___wmul
 This function is called by:
		_vd_TraitementApplicatif
 This function uses a non-reentrant model


 *************** function ___wmul *****************
 Defined at:
		line 4 in file "C:\Program Files (x86)\Microchip\xc8\v1.30\sources\common\wmul.c"
 Parameters:    Size  Location     Type
  multiplier      2    4[BANK0 ] unsigned int 
  multiplicand    2    6[BANK0 ] unsigned int 
 Auto vars:     Size  Location     Type
  product         2    8[BANK0 ] unsigned int 
 Return value:  Size  Location     Type
                  2    4[BANK0 ] unsigned int 
 Registers used:
		wreg, status,2, status,0
 Tracked objects:
		On entry : 
		On exit  : 
		Unchanged: 
 Data sizes:     COMMON   BANK0   BANK3   BANK1   BANK2
      Params:         0       4       0       0       0
      Locals:         0       2       0       0       0
      Temps:          0       0       0       0       0
      Totals:         0       6       0       0       0
Total ram usage:        6 bytes
 Hardware stack levels used:    1
 Hardware stack levels required when called:    4
 This function calls:
		Nothing
 This function is called by:
		_uc_EteintLampe
 This function uses a non-reentrant model


 *************** function ___lmul *****************
 Defined at:
		line 2 in file "C:\Program Files (x86)\Microchip\xc8\v1.30\sources\common\lmul.c"
 Parameters:    Size  Location     Type
  multiplier      4    4[BANK0 ] unsigned long 
  multiplicand    4    8[BANK0 ] unsigned long 
 Auto vars:     Size  Location     Type
  product         4   12[BANK0 ] unsigned long 
 Return value:  Size  Location     Type
                  4    4[BANK0 ] unsigned long 
 Registers used:
		wreg, status,2, status,0
 Tracked objects:
		On entry : 
		On exit  : 
		Unchanged: 
 Data sizes:     COMMON   BANK0   BANK3   BANK1   BANK2
      Params:         0       8       0       0       0
      Locals:         0       4       0       0       0
      Temps:          0       0       0       0       0
      Totals:         0      12       0       0       0
Total ram usage:       12 bytes
 Hardware stack levels used:    1
 Hardware stack levels required when called:    4
 This function calls:
		Nothing
 This function is called by:
		_uc_EteintLampe
 This function uses a non-reentrant model


 *************** function ___lldiv *****************
 Defined at:
		line 6 in file "C:\Program Files (x86)\Microchip\xc8\v1.30\sources\common\lldiv.c"
 Parameters:    Size  Location     Type
  divisor         4    4[BANK0 ] unsigned long 
  dividend        4    8[BANK0 ] unsigned long 
 Auto vars:     Size  Location     Type
  quotient        4   12[BANK0 ] unsigned long 
  counter         1   16[BANK0 ] unsigned char 
 Return value:  Size  Location     Type
                  4    4[BANK0 ] unsigned long 
 Registers used:
		wreg, status,2, status,0
 Tracked objects:
		On entry : 
		On exit  : 
		Unchanged: 
 Data sizes:     COMMON   BANK0   BANK3   BANK1   BANK2
      Params:         0       8       0       0       0
      Locals:         0       5       0       0       0
      Temps:          0       0       0       0       0
      Totals:         0      13       0       0       0
Total ram usage:       13 bytes
 Hardware stack levels used:    1
 Hardware stack levels required when called:    4
 This function calls:
		Nothing
 This function is called by:
		_uc_EteintLampe
 This function uses a non-reentrant model


 *************** function _vd_PiloterSorties *****************
 Defined at:
		line 220 in file "../source/gestionsorties.c"
 Parameters:    Size  Location     Type
		None
 Auto vars:     Size  Location     Type
		None
 Return value:  Size  Location     Type
		None               void
 Registers used:
		wreg, fsr0l, fsr0h, status,2, status,0, pclath, cstack
 Tracked objects:
		On entry : 
		On exit  : 
		Unchanged: 
 Data sizes:     COMMON   BANK0   BANK3   BANK1   BANK2
      Params:         0       0       0       0       0
      Locals:         0       0       0       0       0
      Temps:          0       0       0       0       0
      Totals:         0       0       0       0       0
Total ram usage:        0 bytes
 Hardware stack levels used:    1
 Hardware stack levels required when called:    7
 This function calls:
		_vd_PiloterLed
		_vd_PiloterRelais
		_vd_PiloterRelaisBistables
 This function is called by:
		_main
 This function uses a non-reentrant model


 *************** function _vd_PiloterRelaisBistables *****************
 Defined at:
		line 95 in file "../source/gestionsorties.c"
 Parameters:    Size  Location     Type
		None
 Auto vars:     Size  Location     Type
  l_uc_Compteu    1    9[BANK0 ] unsigned char 
 Return value:  Size  Location     Type
		None               void
 Registers used:
		wreg, fsr0l, fsr0h, status,2, status,0, pclath, cstack
 Tracked objects:
		On entry : 
		On exit  : 
		Unchanged: 
 Data sizes:     COMMON   BANK0   BANK3   BANK1   BANK2
      Params:         0       0       0       0       0
      Locals:         0       1       0       0       0
      Temps:          0       1       0       0       0
      Totals:         0       2       0       0       0
Total ram usage:        2 bytes
 Hardware stack levels used:    1
 Hardware stack levels required when called:    6
 This function calls:
		_vd_PiloterRelaisBistable
 This function is called by:
		_vd_PiloterSorties
 This function uses a non-reentrant model


 *************** function _vd_PiloterRelaisBistable *****************
 Defined at:
		line 69 in file "../source/gestionsorties.c"
 Parameters:    Size  Location     Type
  uc_NumeroRel    1    wreg     unsigned char 
 Auto vars:     Size  Location     Type
  uc_NumeroRel    1    7[BANK0 ] unsigned char 
 Return value:  Size  Location     Type
		None               void
 Registers used:
		wreg, fsr0l, fsr0h, status,2, status,0, pclath, cstack
 Tracked objects:
		On entry : 
		On exit  : 
		Unchanged: 
 Data sizes:     COMMON   BANK0   BANK3   BANK1   BANK2
      Params:         0       0       0       0       0
      Locals:         0       1       0       0       0
      Temps:          0       0       0       0       0
      Totals:         0       1       0       0       0
Total ram usage:        1 bytes
 Hardware stack levels used:    1
 Hardware stack levels required when called:    5
 This function calls:
		_vd_PiloterSortie
 This function is called by:
		_vd_PiloterRelaisBistables
 This function uses a non-reentrant model


 *************** function _vd_PiloterRelais *****************
 Defined at:
		line 48 in file "../source/gestionsorties.c"
 Parameters:    Size  Location     Type
		None
 Auto vars:     Size  Location     Type
  l_us_Masque     2    9[BANK0 ] unsigned short 
  l_uc_Compteu    1   11[BANK0 ] unsigned char 
 Return value:  Size  Location     Type
		None               void
 Registers used:
		wreg, fsr0l, fsr0h, status,2, status,0, pclath, cstack
 Tracked objects:
		On entry : 
		On exit  : 
		Unchanged: 
 Data sizes:     COMMON   BANK0   BANK3   BANK1   BANK2
      Params:         0       0       0       0       0
      Locals:         0       3       0       0       0
      Temps:          0       2       0       0       0
      Totals:         0       5       0       0       0
Total ram usage:        5 bytes
 Hardware stack levels used:    1
 Hardware stack levels required when called:    5
 This function calls:
		_vd_PiloterSortie
 This function is called by:
		_vd_PiloterSorties
 This function uses a non-reentrant model


 *************** function _vd_PiloterLed *****************
 Defined at:
		line 15 in file "../source/gestionsorties.c"
 Parameters:    Size  Location     Type
		None
 Auto vars:     Size  Location     Type
		None
 Return value:  Size  Location     Type
		None               void
 Registers used:
		wreg, fsr0l, fsr0h, status,2, status,0, pclath, cstack
 Tracked objects:
		On entry : 
		On exit  : 
		Unchanged: 
 Data sizes:     COMMON   BANK0   BANK3   BANK1   BANK2
      Params:         0       0       0       0       0
      Locals:         0       0       0       0       0
      Temps:          0       0       0       0       0
      Totals:         0       0       0       0       0
Total ram usage:        0 bytes
 Hardware stack levels used:    1
 Hardware stack levels required when called:    5
 This function calls:
		_vd_PiloterSortie
 This function is called by:
		_vd_PiloterSorties
 This function uses a non-reentrant model


 *************** function _vd_Lit_Config *****************
 Defined at:
		line 67 in file "../source/main.c"
 Parameters:    Size  Location     Type
		None
 Auto vars:     Size  Location     Type
  address         2   11[BANK0 ] unsigned int 
  l_us_Test       2    8[BANK0 ] unsigned short 
  l_uc_Compteu    1   10[BANK0 ] unsigned char 
 Return value:  Size  Location     Type
		None               void
 Registers used:
		wreg, fsr0l, fsr0h, status,2, status,0, btemp+1, pclath, cstack
 Tracked objects:
		On entry : 
		On exit  : 
		Unchanged: 
 Data sizes:     COMMON   BANK0   BANK3   BANK1   BANK2
      Params:         0       0       0       0       0
      Locals:         0       5       0       0       0
      Temps:          0       2       0       0       0
      Totals:         0       7       0       0       0
Total ram usage:        7 bytes
 Hardware stack levels used:    1
 Hardware stack levels required when called:    5
 This function calls:
		_eeprom_read
		_eeprom_write
 This function is called by:
		_main
 This function uses a non-reentrant model


 *************** function _eeprom_write *****************
 Defined at:
		line 6 in file "C:\Program Files (x86)\Microchip\xc8\v1.30\sources\pic\eewrite.c"
 Parameters:    Size  Location     Type
  addr            1    wreg     unsigned char 
  value           1    4[BANK0 ] unsigned char 
 Auto vars:     Size  Location     Type
  addr            1    5[BANK0 ] unsigned char 
 Return value:  Size  Location     Type
		None               void
 Registers used:
		wreg, status,2, status,0
 Tracked objects:
		On entry : 
		On exit  : 
		Unchanged: 
 Data sizes:     COMMON   BANK0   BANK3   BANK1   BANK2
      Params:         0       1       0       0       0
      Locals:         0       1       0       0       0
      Temps:          0       0       0       0       0
      Totals:         0       2       0       0       0
Total ram usage:        2 bytes
 Hardware stack levels used:    1
 Hardware stack levels required when called:    4
 This function calls:
		Nothing
 This function is called by:
		_vd_Verif_Version
		_vd_Lit_Config
		_vd_Sauve_Etat
		_vd_Traitement_I2C
 This function uses a non-reentrant model


 *************** function _eeprom_read *****************
 Defined at:
		line 6 in file "C:\Program Files (x86)\Microchip\xc8\v1.30\sources\pic\eeread.c"
 Parameters:    Size  Location     Type
  addr            1    wreg     unsigned char 
 Auto vars:     Size  Location     Type
  addr            1    4[BANK0 ] unsigned char 
 Return value:  Size  Location     Type
                  1    wreg      unsigned char 
 Registers used:
		wreg, status,2, status,0
 Tracked objects:
		On entry : 
		On exit  : 
		Unchanged: 
 Data sizes:     COMMON   BANK0   BANK3   BANK1   BANK2
      Params:         0       0       0       0       0
      Locals:         0       1       0       0       0
      Temps:          0       0       0       0       0
      Totals:         0       1       0       0       0
Total ram usage:        1 bytes
 Hardware stack levels used:    1
 Hardware stack levels required when called:    4
 This function calls:
		Nothing
 This function is called by:
		_vd_Verif_Version
		_vd_Lit_Config
		_vd_Sauve_Etat
 This function uses a non-reentrant model


 *************** function _vd_InitVariables2 *****************
 Defined at:
		line 96 in file "../source/traitement.c"
 Parameters:    Size  Location     Type
		None
 Auto vars:     Size  Location     Type
  l_uc_Compteu    1   11[BANK0 ] unsigned char 
 Return value:  Size  Location     Type
		None               void
 Registers used:
		wreg, fsr0l, fsr0h, status,2, status,0, pclath, cstack
 Tracked objects:
		On entry : 
		On exit  : 
		Unchanged: 
 Data sizes:     COMMON   BANK0   BANK3   BANK1   BANK2
      Params:         0       0       0       0       0
      Locals:         0       1       0       0       0
      Temps:          0       1       0       0       0
      Totals:         0       2       0       0       0
Total ram usage:        2 bytes
 Hardware stack levels used:    1
 Hardware stack levels required when called:    5
 This function calls:
		_us_CodeVariateur
 This function is called by:
		_main
 This function uses a non-reentrant model


 *************** function _us_CodeVariateur *****************
 Defined at:
		line 13 in file "../source/variateur.c"
 Parameters:    Size  Location     Type
  c_valeur        1    wreg     unsigned char 
 Auto vars:     Size  Location     Type
  c_valeur        1    7[BANK0 ] unsigned char 
  l_us_valeur     2    8[BANK0 ] unsigned short 
 Return value:  Size  Location     Type
                  2    4[BANK0 ] unsigned short 
 Registers used:
		wreg, status,2, status,0
 Tracked objects:
		On entry : 
		On exit  : 
		Unchanged: 
 Data sizes:     COMMON   BANK0   BANK3   BANK1   BANK2
      Params:         0       3       0       0       0
      Locals:         0       3       0       0       0
      Temps:          0       0       0       0       0
      Totals:         0       6       0       0       0
Total ram usage:        6 bytes
 Hardware stack levels used:    1
 Hardware stack levels required when called:    4
 This function calls:
		Nothing
 This function is called by:
		_vd_InitVariables2
		_vd_TraitementApplicatif
 This function uses a non-reentrant model


 *************** function _vd_InitVariables *****************
 Defined at:
		line 16 in file "../source/traitement.c"
 Parameters:    Size  Location     Type
		None
 Auto vars:     Size  Location     Type
  l_uc_Compteu    1    5[BANK0 ] unsigned char 
 Return value:  Size  Location     Type
		None               void
 Registers used:
		wreg, fsr0l, fsr0h, status,2, status,0
 Tracked objects:
		On entry : 
		On exit  : 
		Unchanged: 
 Data sizes:     COMMON   BANK0   BANK3   BANK1   BANK2
      Params:         0       0       0       0       0
      Locals:         0       1       0       0       0
      Temps:          0       1       0       0       0
      Totals:         0       2       0       0       0
Total ram usage:        2 bytes
 Hardware stack levels used:    1
 Hardware stack levels required when called:    4
 This function calls:
		Nothing
 This function is called by:
		_main
 This function uses a non-reentrant model


 *************** function _vd_InitMicro *****************
 Defined at:
		line 14 in file "../source/hard.c"
 Parameters:    Size  Location     Type
		None
 Auto vars:     Size  Location     Type
		None
 Return value:  Size  Location     Type
		None               void
 Registers used:
		wreg, status,2, status,0
 Tracked objects:
		On entry : 
		On exit  : 
		Unchanged: 
 Data sizes:     COMMON   BANK0   BANK3   BANK1   BANK2
[...]
		On entry : 
		On exit  : 
		Unchanged: 
 Data sizes:     COMMON   BANK0   BANK3   BANK1   BANK2
      Params:         0       0       0       0       0
      Locals:         0       2       0       0       0
      Temps:          0       3       0       0       0
      Totals:         0       5       0       0       0
Total ram usage:        5 bytes
 Hardware stack levels used:    1
 Hardware stack levels required when called:    5
 This function calls:
		_uc_EntreeVoletEntreeCarte
 This function is called by:
		_vd_AnalyserEntrees
 This function uses a non-reentrant model


 *************** function _uc_EntreeVoletEntreeCarte *****************
 Defined at:
		line 147 in file "../source/gestionentrees.c"
 Parameters:    Size  Location     Type
  uc_NumeroEnt    1    wreg     unsigned char 
 Auto vars:     Size  Location     Type
  uc_NumeroEnt    1    4[BANK0 ] unsigned char 
  l_uc_Compteu    1    5[BANK0 ] unsigned char 
 Return value:  Size  Location     Type
                  1    wreg      unsigned char 
 Registers used:
		wreg, fsr0l, fsr0h, status,2, status,0
 Tracked objects:
		On entry : 
		On exit  : 
		Unchanged: 
 Data sizes:     COMMON   BANK0   BANK3   BANK1   BANK2
      Params:         0       0       0       0       0
      Locals:         0       2       0       0       0
      Temps:          0       0       0       0       0
      Totals:         0       2       0       0       0
Total ram usage:        2 bytes
 Hardware stack levels used:    1
 Hardware stack levels required when called:    4
 This function calls:
		Nothing
 This function is called by:
		_vd_AnalyserEntreesVolets
 This function uses a non-reentrant model


 *************** function _vd_AnalyserEntreesVariateurs *****************
 Defined at:
		line 399 in file "../source/gestionentrees.c"
 Parameters:    Size  Location     Type
		None
 Auto vars:     Size  Location     Type
  l_uc_Compteu    1   10[BANK0 ] unsigned char 
  l_uc_EntreeV    1    9[BANK0 ] unsigned char 
 Return value:  Size  Location     Type
		None               void
 Registers used:
		wreg, fsr0l, fsr0h, status,2, status,0, pclath, cstack
 Tracked objects:
		On entry : 
		On exit  : 
		Unchanged: 
 Data sizes:     COMMON   BANK0   BANK3   BANK1   BANK2
      Params:         0       0       0       0       0
      Locals:         0       2       0       0       0
      Temps:          0       3       0       0       0
      Totals:         0       5       0       0       0
Total ram usage:        5 bytes
 Hardware stack levels used:    1
 Hardware stack levels required when called:    5
 This function calls:
		_uc_EntreeVariateurEntreeCarte
 This function is called by:
		_vd_AnalyserEntrees
 This function uses a non-reentrant model


 *************** function _uc_EntreeVariateurEntreeCarte *****************
 Defined at:
		line 267 in file "../source/gestionentrees.c"
 Parameters:    Size  Location     Type
  uc_NumeroEnt    1    wreg     unsigned char 
 Auto vars:     Size  Location     Type
  uc_NumeroEnt    1    4[BANK0 ] unsigned char 
  l_uc_Compteu    1    5[BANK0 ] unsigned char 
 Return value:  Size  Location     Type
                  1    wreg      unsigned char 
 Registers used:
		wreg, fsr0l, fsr0h, status,2, status,0
 Tracked objects:
		On entry : 
		On exit  : 
		Unchanged: 
 Data sizes:     COMMON   BANK0   BANK3   BANK1   BANK2
      Params:         0       0       0       0       0
      Locals:         0       2       0       0       0
      Temps:          0       0       0       0       0
      Totals:         0       2       0       0       0
Total ram usage:        2 bytes
 Hardware stack levels used:    1
 Hardware stack levels required when called:    4
 This function calls:
		Nothing
 This function is called by:
		_vd_AnalyserEntreesVariateurs
 This function uses a non-reentrant model


 *************** function _vd_AnalyserEntreesTOR *****************
 Defined at:
		line 326 in file "../source/gestionentrees.c"
 Parameters:    Size  Location     Type
		None
 Auto vars:     Size  Location     Type
  l_us_Masque     2    9[BANK0 ] unsigned short 
  l_uc_EntreeT    1   12[BANK0 ] unsigned char 
  l_uc_Compteu    1   11[BANK0 ] unsigned char 
 Return value:  Size  Location     Type
		None               void
 Registers used:
		wreg, fsr0l, fsr0h, status,2, status,0, pclath, cstack
 Tracked objects:
		On entry : 
		On exit  : 
		Unchanged: 
 Data sizes:     COMMON   BANK0   BANK3   BANK1   BANK2
      Params:         0       0       0       0       0
      Locals:         0       4       0       0       0
      Temps:          0       3       0       0       0
      Totals:         0       7       0       0       0
Total ram usage:        7 bytes
 Hardware stack levels used:    1
 Hardware stack levels required when called:    5
 This function calls:
		_uc_EntreeTOREntreeCarte
 This function is called by:
		_vd_AnalyserEntrees
 This function uses a non-reentrant model


 *************** function _uc_EntreeTOREntreeCarte *****************
 Defined at:
		line 42 in file "../source/gestionentrees.c"
 Parameters:    Size  Location     Type
  uc_NumeroEnt    1    wreg     unsigned char 
 Auto vars:     Size  Location     Type
  uc_NumeroEnt    1    4[BANK0 ] unsigned char 
  l_uc_Compteu    1    5[BANK0 ] unsigned char 
 Return value:  Size  Location     Type
                  1    wreg      unsigned char 
 Registers used:
		wreg, fsr0l, fsr0h, status,2, status,0
 Tracked objects:
		On entry : 
		On exit  : 
		Unchanged: 
 Data sizes:     COMMON   BANK0   BANK3   BANK1   BANK2
      Params:         0       0       0       0       0
      Locals:         0       2       0       0       0
      Temps:          0       0       0       0       0
      Totals:         0       2       0       0       0
Total ram usage:        2 bytes
 Hardware stack levels used:    1
 Hardware stack levels required when called:    4
 This function calls:
		Nothing
 This function is called by:
		_vd_AnalyserEntreesTOR
 This function uses a non-reentrant model


 *************** function _vd_AcquisitionEntrees *****************
 Defined at:
		line 14 in file "../source/gestionentrees.c"
 Parameters:    Size  Location     Type
		None
 Auto vars:     Size  Location     Type
  l_uc_Compteu    1    8[BANK0 ] unsigned char 
  l_uc_EtatEnt    1    7[BANK0 ] unsigned char 
 Return value:  Size  Location     Type
		None               void
 Registers used:
		wreg, fsr0l, fsr0h, status,2, status,0, pclath, cstack
 Tracked objects:
		On entry : 
		On exit  : 
		Unchanged: 
 Data sizes:     COMMON   BANK0   BANK3   BANK1   BANK2
      Params:         0       0       0       0       0
      Locals:         0       2       0       0       0
      Temps:          0       1       0       0       0
      Totals:         0       3       0       0       0
Total ram usage:        3 bytes
 Hardware stack levels used:    1
 Hardware stack levels required when called:    5
 This function calls:
		_uc_EtatEntree
 This function is called by:
		_main
 This function uses a non-reentrant model


 *************** function _uc_EtatEntree *****************
 Defined at:
		line 166 in file "../source/hard.c"
 Parameters:    Size  Location     Type
  uc_NumeroEnt    1    wreg     unsigned char 
 Auto vars:     Size  Location     Type
  uc_NumeroEnt    1    4[BANK0 ] unsigned char 
  l_uc_EtatEnt    1    5[BANK0 ] unsigned char 
 Return value:  Size  Location     Type
                  1    wreg      unsigned char 
 Registers used:
		wreg, fsr0l, fsr0h, status,2, status,0
 Tracked objects:
		On entry : 
		On exit  : 
		Unchanged: 
 Data sizes:     COMMON   BANK0   BANK3   BANK1   BANK2
      Params:         0       0       0       0       0
      Locals:         0       2       0       0       0
      Temps:          0       0       0       0       0
      Totals:         0       2       0       0       0
Total ram usage:        2 bytes
 Hardware stack levels used:    1
 Hardware stack levels required when called:    4
 This function calls:
		Nothing
 This function is called by:
		_vd_AcquisitionEntrees
 This function uses a non-reentrant model


 *************** function _IT *****************
 Defined at:
		line 218 in file "../source/main.c"
 Parameters:    Size  Location     Type
		None
 Auto vars:     Size  Location     Type
		None
 Return value:  Size  Location     Type
		None               void
 Registers used:
		wreg, fsr0l, fsr0h, status,2, status,0, pclath, cstack
 Tracked objects:
		On entry : 
		On exit  : 
		Unchanged: 
 Data sizes:     COMMON   BANK0   BANK3   BANK1   BANK2
      Params:         0       0       0       0       0
      Locals:         0       0       0       0       0
      Temps:          3       0       0       0       0
      Totals:         3       0       0       0       0
Total ram usage:        3 bytes
 Hardware stack levels used:    1
 Hardware stack levels required when called:    3
 This function calls:
		_SSP_Handler
		_vd_PilotageVariateurs
 This function is called by:
		Interrupt level 1
 This function uses a non-reentrant model


 *************** function _vd_PilotageVariateurs *****************
 Defined at:
		line 190 in file "../source/gestionsorties.c"
 Parameters:    Size  Location     Type
		None
 Auto vars:     Size  Location     Type
		None
 Return value:  Size  Location     Type
		None               void
 Registers used:
		wreg, fsr0l, fsr0h, status,2, status,0, pclath, cstack
 Tracked objects:
		On entry : 
		On exit  : 
		Unchanged: 
 Data sizes:     COMMON   BANK0   BANK3   BANK1   BANK2
      Params:         0       0       0       0       0
      Locals:         0       0       0       0       0
      Temps:          2       0       0       0       0
      Totals:         2       0       0       0       0
Total ram usage:        2 bytes
 Hardware stack levels used:    1
 Hardware stack levels required when called:    1
 This function calls:
		_vd_PiloteSortieVariateur
 This function is called by:
		_IT
 This function uses a non-reentrant model


 *************** function _vd_PiloteSortieVariateur *****************
 Defined at:
		line 544 in file "../source/hard.c"
 Parameters:    Size  Location     Type
  uc_NumeroSor    1    wreg     unsigned char 
  uc_Etat         1    0[COMMON] unsigned char 
 Auto vars:     Size  Location     Type
  uc_NumeroSor    1    1[COMMON] unsigned char 
 Return value:  Size  Location     Type
		None               void
 Registers used:
		wreg, fsr0l, fsr0h, status,2, status,0
 Tracked objects:
		On entry : 
		On exit  : 
		Unchanged: 
 Data sizes:     COMMON   BANK0   BANK3   BANK1   BANK2
      Params:         1       0       0       0       0
      Locals:         1       0       0       0       0
      Temps:          0       0       0       0       0
      Totals:         2       0       0       0       0
Total ram usage:        2 bytes
 Hardware stack levels used:    1
 This function calls:
		Nothing
 This function is called by:
		_vd_PilotageVariateurs
 This function uses a non-reentrant model


 *************** function _SSP_Handler *****************
 Defined at:
		line 133 in file "../source/slavenode.c"
 Parameters:    Size  Location     Type
		None
 Auto vars:     Size  Location     Type
  l_us_CRCRecu    2    0[BANK0 ] unsigned short 
  j               1    3[BANK0 ] unsigned char 
  i               1    2[BANK0 ] unsigned char 
 Return value:  Size  Location     Type
		None               void
 Registers used:
		wreg, fsr0l, fsr0h, status,2, status,0, pclath, cstack
 Tracked objects:
		On entry : 
		On exit  : 
		Unchanged: 
 Data sizes:     COMMON   BANK0   BANK3   BANK1   BANK2
      Params:         0       0       0       0       0
      Locals:         0       4       0       0       0
      Temps:          1       0       0       0       0
      Totals:         1       4       0       0       0
Total ram usage:        5 bytes
 Hardware stack levels used:    1
 Hardware stack levels required when called:    2
 This function calls:
		_ReadI2C
		_WriteI2C
		_us_CalculerCRCSurTrame
 This function is called by:
		_IT
 This function uses a non-reentrant model


 *************** function _us_CalculerCRCSurTrame *****************
 Defined at:
		line 7 in file "../source/crc.c"
 Parameters:    Size  Location     Type
  uc_Buffer       2    3[COMMON] PTR unsigned char 
		 -> TxBuf(4), RXBuffer(25), 
  uc_NbOctets     1    5[COMMON] unsigned char 
 Auto vars:     Size  Location     Type
		None
 Return value:  Size  Location     Type
                  2    3[COMMON] unsigned short 
 Registers used:
		wreg, fsr0l, fsr0h, status,2, status,0, pclath, cstack
 Tracked objects:
		On entry : 
		On exit  : 
		Unchanged: 
 Data sizes:     COMMON   BANK0   BANK3   BANK1   BANK2
      Params:         3       0       0       0       0
      Locals:         0       0       0       0       0
      Temps:          2       0       0       0       0
      Totals:         5       0       0       0       0
Total ram usage:        5 bytes
 Hardware stack levels used:    1
 Hardware stack levels required when called:    1
 This function calls:
		_us_CalculerCRCSurUnOctet
 This function is called by:
		_SSP_Handler
 This function uses a non-reentrant model


 *************** function _us_CalculerCRCSurUnOctet *****************
 Defined at:
		line 20 in file "../source/crc.c"
 Parameters:    Size  Location     Type
  l_us_CRC        2    0[COMMON] unsigned short 
  l_uc_Octet      1    2[COMMON] unsigned char 
 Auto vars:     Size  Location     Type
		None
 Return value:  Size  Location     Type
                  2    0[COMMON] unsigned short 
 Registers used:
		wreg, status,2, status,0
 Tracked objects:
		On entry : 
		On exit  : 
		Unchanged: 
 Data sizes:     COMMON   BANK0   BANK3   BANK1   BANK2
      Params:         3       0       0       0       0
      Locals:         0       0       0       0       0
      Temps:          0       0       0       0       0
      Totals:         3       0       0       0       0
Total ram usage:        3 bytes
 Hardware stack levels used:    1
 This function calls:
		Nothing
 This function is called by:
		_us_CalculerCRCSurTrame
 This function uses a non-reentrant model


 *************** function _WriteI2C *****************
 Defined at:
		line 368 in file "../source/slavenode.c"
 Parameters:    Size  Location     Type
  data            1    wreg     unsigned char 
 Auto vars:     Size  Location     Type
  data            1    0[COMMON] unsigned char 
 Return value:  Size  Location     Type
		None               void
 Registers used:
		wreg
 Tracked objects:
		On entry : 
		On exit  : 
		Unchanged: 
 Data sizes:     COMMON   BANK0   BANK3   BANK1   BANK2
      Params:         0       0       0       0       0
      Locals:         1       0       0       0       0
      Temps:          0       0       0       0       0
      Totals:         1       0       0       0       0
Total ram usage:        1 bytes
 Hardware stack levels used:    1
 This function calls:
		Nothing
 This function is called by:
		_SSP_Handler
 This function uses a non-reentrant model


 *************** function _ReadI2C *****************
 Defined at:
		line 383 in file "../source/slavenode.c"
 Parameters:    Size  Location     Type
		None
 Auto vars:     Size  Location     Type
		None
 Return value:  Size  Location     Type
                  1    wreg      unsigned char 
 Registers used:
		wreg
 Tracked objects:
		On entry : 
		On exit  : 
		Unchanged: 
 Data sizes:     COMMON   BANK0   BANK3   BANK1   BANK2
      Params:         0       0       0       0       0
      Locals:         0       0       0       0       0
      Temps:          0       0       0       0       0
      Totals:         0       0       0       0       0
Total ram usage:        0 bytes
 Hardware stack levels used:    1
 This function calls:
		Nothing
 This function is called by:
		_SSP_Handler
 This function uses a non-reentrant model



MODULE INFORMATION

Module		Function		Class		Link	Load	Size
../source/main.c
		_main          		CODE           	1593	0000	131
		_vd_Lit_Config 		CODE           	0E50	0000	432
		_IT            		CODE           	116E	0000	53
		_vd_Sauve_Etat 		CODE           	14AA	0000	109
		_vd_Verif_Versi		CODE           	10B9	0000	39

../source/main.c estimated size: 764

../source/slavenode.c
		_vd_Traitement_		CODE           	0CBB	0000	405
		_ReadI2C       		CODE           	1002	0000	2
		_SSP_Handler   		CODE           	0B52	0000	361
		_WriteI2C      		CODE           	07F5	0000	10
		_vd_I2C_Setup  		CODE           	1FC8	0000	8

../source/slavenode.c estimated size: 786

C:\Program Files (x86)\Microchip\xc8\v1.30\sources\common\wmul.c
		___wmul        		CODE           	1056	0000	29

C:\Program Files (x86)\Microchip\xc8\v1.30\sources\common\wmul.c estimated size: 29

../source/crc.c
		_us_CalculerCRC		CODE           	10E0	0000	46
		_us_CalculerCRC		CODE           	101E	0000	28

../source/crc.c estimated size: 74

../source/gestionsorties.c
		_vd_PilotageVar		CODE           	12D8	0000	69
		_vd_PiloterLed 		CODE           	113E	0000	48
		_vd_PiloterRela		CODE           	11DD	0000	59
		_vd_PiloterSort		CODE           	0801	0000	16
		_vd_ArretPilota		CODE           	1FE8	0000	24
		_vd_PiloterRela		CODE           	1218	0000	62
		_vd_PiloterRela		CODE           	0865	0000	215

../source/gestionsorties.c estimated size: 493

shared
		__initializatio		CODE           	0011	0000	44

shared estimated size: 44

C:\Program Files (x86)\Microchip\xc8\v1.30\sources\common\lldiv.c
		___lldiv       		CODE           	13B2	0000	81

C:\Program Files (x86)\Microchip\xc8\v1.30\sources\common\lldiv.c estimated size: 81

C:\Program Files (x86)\Microchip\xc8\v1.30\sources\pic\eewrite.c
		_eeprom_write  		CODE           	1092	0000	39

C:\Program Files (x86)\Microchip\xc8\v1.30\sources\pic\eewrite.c estimated size: 39

../source/variateur.c
		_us_CodeVariate		CODE           	1004	0000	26

../source/variateur.c estimated size: 26

C:\Program Files (x86)\Microchip\xc8\v1.30\sources\common\lmul.c
		___lmul        		CODE           	11A3	0000	58

C:\Program Files (x86)\Microchip\xc8\v1.30\sources\common\lmul.c estimated size: 58

C:\Program Files (x86)\Microchip\xc8\v1.30\sources\pic\eeread.c
		_eeprom_read   		CODE           	103A	0000	28

C:\Program Files (x86)\Microchip\xc8\v1.30\sources\pic\eeread.c estimated size: 28

../source/gestionentrees.c
		_vd_AnalyserEnt		CODE           	05AE	0000	583
		_vd_Acquisition		CODE           	1403	0000	83
		_uc_EntreeTOREn		CODE           	110E	0000	48
		_vd_AnalyserEnt		CODE           	1FD8	0000	16
		_uc_EntreeVaria		CODE           	1073	0000	31
		_vd_AnalyserEnt		CODE           	1616	0000	149
		_uc_EntreeVolet		CODE           	1295	0000	67
		_vd_AnalyserEnt		CODE           	1362	0000	80

../source/gestionentrees.c estimated size: 1057

../source/traitement.c
		_vd_InitVariabl		CODE           	131D	0000	69
		_vd_TraitementA		CODE           	0041	0000	1389
		_uc_EteintLampe		CODE           	16AB	0000	165
		_vd_InitVariabl		CODE           	1750	0000	176
		_uc_StopVolet  		CODE           	0811	0000	84

../source/traitement.c estimated size: 1883

../source/hard.c
		_vd_PiloterSort		CODE           	0A16	0000	316
		_vd_PiloteSorti		CODE           	1256	0000	63
		_vd_ConfigBorni		CODE           	1456	0000	84
		_uc_EtatEntree 		CODE           	093C	0000	218
		_vd_InitMicro  		CODE           	1517	0000	124

../source/hard.c estimated size: 805

